// Jest Snapshot v1, https://goo.gl/fbAQLP

exports[`Rendering Matches snapshot 1`] = `
<DocumentFragment>
  <a
    class="Button__StyledButton-e5m2xp-0 ciZTCt"
  >
    Button
  </a>
</DocumentFragment>
`;
